<testsuites name="jest tests" tests="7" failures="1" time="3.628">
  <testsuite name="StatsHistoryGraph.objectToQueryString" errors="0" failures="0" skipped="0" timestamp="2019-06-14T17:23:01" time="0.889" tests="3">
    <testcase classname="StatsHistoryGraph.objectToQueryString should take a set of mappings and make a query string" name="StatsHistoryGraph.objectToQueryString should take a set of mappings and make a query string" time="0.039">
    </testcase>
    <testcase classname="StatsHistoryGraph.objectToQueryString should return an empty string if there are no keys" name="StatsHistoryGraph.objectToQueryString should return an empty string if there are no keys" time="0.004">
    </testcase>
    <testcase classname="StatsHistoryGraph.objectToQueryString should return an empty string if passed NULL" name="StatsHistoryGraph.objectToQueryString should return an empty string if passed NULL" time="0.003">
    </testcase>
  </testsuite>
  <testsuite name="CurrentStateStats" errors="0" failures="0" skipped="0" timestamp="2019-06-14T17:23:01" time="1.3" tests="2">
    <testcase classname="CurrentStateStats should correctly load and post-process data from the server" name="CurrentStateStats should correctly load and post-process data from the server" time="0.22">
    </testcase>
    <testcase classname="CurrentStateStats should correctly load and post-process data from the server with a zero-count" name="CurrentStateStats should correctly load and post-process data from the server with a zero-count" time="0.209">
    </testcase>
  </testsuite>
  <testsuite name="NearlineStorages.processData" errors="0" failures="1" skipped="0" timestamp="2019-06-14T17:23:01" time="1.15" tests="2">
    <testcase classname="NearlineStorages.processData should break down incoming data from the state" name="NearlineStorages.processData should break down incoming data from the state" time="0.023">
    </testcase>
    <testcase classname="numberWithCommas should convert a long number with thousands separators" name="numberWithCommas should convert a long number with thousands separators" time="0.003">
      <failure>Error: expect(received).toEqual(expected) // deep equality

Expected: &quot;883496&quot;
Received: &quot;883,496&quot;
    at Object.toEqual (/Users/localhome/workdev/MediaCensus/frontend/__tests__/test_NearlineStorages.jsx:34:42)
    at Object.asyncJestTest (/Users/localhome/workdev/MediaCensus/frontend/node_modules/jest-jasmine2/build/jasmineAsyncInstall.js:102:37)
    at resolve (/Users/localhome/workdev/MediaCensus/frontend/node_modules/jest-jasmine2/build/queueRunner.js:43:12)
    at new Promise (&lt;anonymous&gt;)
    at mapper (/Users/localhome/workdev/MediaCensus/frontend/node_modules/jest-jasmine2/build/queueRunner.js:26:19)
    at promise.then (/Users/localhome/workdev/MediaCensus/frontend/node_modules/jest-jasmine2/build/queueRunner.js:73:41)
    at process._tickCallback (internal/process/next_tick.js:68:7)</failure>
    </testcase>
  </testsuite>
</testsuites>